// Jest Snapshot v1, https://goo.gl/fbAQLP

exports[`Form Inputs should match snapshot 1`] = `
Object {
  "asFragment": [Function],
  "baseElement": <body>
    <div>
      <h4
        class="MuiTypography-root MuiTypography-h4 css-f84ov1-MuiTypography-root"
      >
        High Yield Savings Account Calculator
      </h4>
      <h6
        class="MuiTypography-root MuiTypography-h6 css-1miy0lu-MuiTypography-root"
      >
        <p>
          This is a calculator to show you which banks in Singapore have the best interest rates.
          <br />
          Key in your information below and view the interest you will get every year.
        </p>
      </h6>
      <div
        class="MuiFormControl-root css-7549ua-MuiFormControl-root"
      >
        <div
          class="MuiFormControl-root MuiTextField-root css-35b0no-MuiFormControl-root-MuiTextField-root"
        >
          <label
            class="MuiFormLabel-root MuiInputLabel-root MuiInputLabel-formControl MuiInputLabel-animated MuiInputLabel-shrink MuiInputLabel-sizeMedium MuiInputLabel-filled MuiFormLabel-colorPrimary MuiInputLabel-root MuiInputLabel-formControl MuiInputLabel-animated MuiInputLabel-shrink MuiInputLabel-sizeMedium MuiInputLabel-filled css-eok8s2-MuiFormLabel-root-MuiInputLabel-root"
            data-shrink="true"
            for=":r0:"
            id=":r0:-label"
          >
            Savings (To be transferred to bank)
          </label>
          <div
            class="MuiInputBase-root MuiFilledInput-root MuiFilledInput-underline MuiInputBase-colorPrimary MuiInputBase-formControl css-1pht7va-MuiInputBase-root-MuiFilledInput-root"
          >
            <input
              aria-invalid="false"
              class="MuiInputBase-input MuiFilledInput-input css-voecp4-MuiInputBase-input-MuiFilledInput-input"
              id=":r0:"
              type="number"
              value=""
            />
          </div>
        </div>
        <div
          class="MuiFormControl-root MuiTextField-root css-35b0no-MuiFormControl-root-MuiTextField-root"
        >
          <label
            class="MuiFormLabel-root MuiInputLabel-root MuiInputLabel-formControl MuiInputLabel-animated MuiInputLabel-shrink MuiInputLabel-sizeMedium MuiInputLabel-filled MuiFormLabel-colorPrimary MuiInputLabel-root MuiInputLabel-formControl MuiInputLabel-animated MuiInputLabel-shrink MuiInputLabel-sizeMedium MuiInputLabel-filled css-eok8s2-MuiFormLabel-root-MuiInputLabel-root"
            data-shrink="true"
            for=":r1:"
            id=":r1:-label"
          >
            Age
          </label>
          <div
            class="MuiInputBase-root MuiFilledInput-root MuiFilledInput-underline MuiInputBase-colorPrimary MuiInputBase-formControl css-1pht7va-MuiInputBase-root-MuiFilledInput-root"
          >
            <input
              aria-invalid="false"
              class="MuiInputBase-input MuiFilledInput-input css-voecp4-MuiInputBase-input-MuiFilledInput-input"
              id=":r1:"
              type="number"
              value=""
            />
          </div>
        </div>
        <div
          class="MuiFormControl-root MuiTextField-root css-35b0no-MuiFormControl-root-MuiTextField-root"
        >
          <label
            class="MuiFormLabel-root MuiInputLabel-root MuiInputLabel-formControl MuiInputLabel-animated MuiInputLabel-shrink MuiInputLabel-sizeMedium MuiInputLabel-filled MuiFormLabel-colorPrimary MuiInputLabel-root MuiInputLabel-formControl MuiInputLabel-animated MuiInputLabel-shrink MuiInputLabel-sizeMedium MuiInputLabel-filled css-eok8s2-MuiFormLabel-root-MuiInputLabel-root"
            data-shrink="true"
            for=":r2:"
            id=":r2:-label"
          >
            Salary (Must be credited to bank)
          </label>
          <div
            class="MuiInputBase-root MuiFilledInput-root MuiFilledInput-underline MuiInputBase-colorPrimary MuiInputBase-formControl css-1pht7va-MuiInputBase-root-MuiFilledInput-root"
          >
            <input
              aria-invalid="false"
              class="MuiInputBase-input MuiFilledInput-input css-voecp4-MuiInputBase-input-MuiFilledInput-input"
              id=":r2:"
              type="number"
              value=""
            />
          </div>
        </div>
        <div
          class="MuiFormControl-root MuiTextField-root css-35b0no-MuiFormControl-root-MuiTextField-root"
        >
          <label
            class="MuiFormLabel-root MuiInputLabel-root MuiInputLabel-formControl MuiInputLabel-animated MuiInputLabel-shrink MuiInputLabel-sizeMedium MuiInputLabel-filled MuiFormLabel-colorPrimary MuiInputLabel-root MuiInputLabel-formControl MuiInputLabel-animated MuiInputLabel-shrink MuiInputLabel-sizeMedium MuiInputLabel-filled css-eok8s2-MuiFormLabel-root-MuiInputLabel-root"
            data-shrink="true"
            for=":r3:"
            id=":r3:-label"
          >
            Investment (Willing to spend with bank)
          </label>
          <div
            class="MuiInputBase-root MuiFilledInput-root MuiFilledInput-underline MuiInputBase-colorPrimary MuiInputBase-formControl css-1pht7va-MuiInputBase-root-MuiFilledInput-root"
          >
            <input
              aria-invalid="false"
              class="MuiInputBase-input MuiFilledInput-input css-voecp4-MuiInputBase-input-MuiFilledInput-input"
              id=":r3:"
              type="number"
              value=""
            />
          </div>
        </div>
        <div
          class="MuiFormControl-root MuiTextField-root css-35b0no-MuiFormControl-root-MuiTextField-root"
        >
          <label
            class="MuiFormLabel-root MuiInputLabel-root MuiInputLabel-formControl MuiInputLabel-animated MuiInputLabel-shrink MuiInputLabel-sizeMedium MuiInputLabel-filled MuiFormLabel-colorPrimary MuiInputLabel-root MuiInputLabel-formControl MuiInputLabel-animated MuiInputLabel-shrink MuiInputLabel-sizeMedium MuiInputLabel-filled css-eok8s2-MuiFormLabel-root-MuiInputLabel-root"
            data-shrink="true"
            for=":r4:"
            id=":r4:-label"
          >
            Insurance (Willing to spend with bank)
          </label>
          <div
            class="MuiInputBase-root MuiFilledInput-root MuiFilledInput-underline MuiInputBase-colorPrimary MuiInputBase-formControl css-1pht7va-MuiInputBase-root-MuiFilledInput-root"
          >
            <input
              aria-invalid="false"
              class="MuiInputBase-input MuiFilledInput-input css-voecp4-MuiInputBase-input-MuiFilledInput-input"
              id=":r4:"
              type="number"
              value=""
            />
          </div>
        </div>
        <div
          class="MuiFormControl-root MuiTextField-root css-35b0no-MuiFormControl-root-MuiTextField-root"
        >
          <label
            class="MuiFormLabel-root MuiInputLabel-root MuiInputLabel-formControl MuiInputLabel-animated MuiInputLabel-shrink MuiInputLabel-sizeMedium MuiInputLabel-filled MuiFormLabel-colorPrimary MuiInputLabel-root MuiInputLabel-formControl MuiInputLabel-animated MuiInputLabel-shrink MuiInputLabel-sizeMedium MuiInputLabel-filled css-eok8s2-MuiFormLabel-root-MuiInputLabel-root"
            data-shrink="true"
            for=":r5:"
            id=":r5:-label"
          >
            Spending (On eligible cards)
          </label>
          <div
            class="MuiInputBase-root MuiFilledInput-root MuiFilledInput-underline MuiInputBase-colorPrimary MuiInputBase-formControl css-1pht7va-MuiInputBase-root-MuiFilledInput-root"
          >
            <input
              aria-invalid="false"
              class="MuiInputBase-input MuiFilledInput-input css-voecp4-MuiInputBase-input-MuiFilledInput-input"
              id=":r5:"
              type="number"
              value=""
            />
          </div>
        </div>
        <div
          class="MuiFormControl-root MuiTextField-root css-35b0no-MuiFormControl-root-MuiTextField-root"
        >
          <label
            class="MuiFormLabel-root MuiInputLabel-root MuiInputLabel-formControl MuiInputLabel-animated MuiInputLabel-shrink MuiInputLabel-sizeMedium MuiInputLabel-filled MuiFormLabel-colorPrimary MuiInputLabel-root MuiInputLabel-formControl MuiInputLabel-animated MuiInputLabel-shrink MuiInputLabel-sizeMedium MuiInputLabel-filled css-eok8s2-MuiFormLabel-root-MuiInputLabel-root"
            data-shrink="true"
            for=":r6:"
            id=":r6:-label"
          >
            Giro Transactions (Monthly)
          </label>
          <div
            class="MuiInputBase-root MuiFilledInput-root MuiFilledInput-underline MuiInputBase-colorPrimary MuiInputBase-formControl css-1pht7va-MuiInputBase-root-MuiFilledInput-root"
          >
            <input
              aria-invalid="false"
              class="MuiInputBase-input MuiFilledInput-input css-voecp4-MuiInputBase-input-MuiFilledInput-input"
              id=":r6:"
              type="number"
              value=""
            />
          </div>
        </div>
        <div
          class="MuiFormControl-root MuiTextField-root css-35b0no-MuiFormControl-root-MuiTextField-root"
        >
          <label
            class="MuiFormLabel-root MuiInputLabel-root MuiInputLabel-formControl MuiInputLabel-animated MuiInputLabel-shrink MuiInputLabel-sizeMedium MuiInputLabel-filled MuiFormLabel-colorPrimary MuiInputLabel-root MuiInputLabel-formControl MuiInputLabel-animated MuiInputLabel-shrink MuiInputLabel-sizeMedium MuiInputLabel-filled css-eok8s2-MuiFormLabel-root-MuiInputLabel-root"
            data-shrink="true"
            for=":r7:"
            id=":r7:-label"
          >
            Monthly Account Value Increment
          </label>
          <div
            class="MuiInputBase-root MuiFilledInput-root MuiFilledInput-underline MuiInputBase-colorPrimary MuiInputBase-formControl css-1pht7va-MuiInputBase-root-MuiFilledInput-root"
          >
            <input
              aria-invalid="false"
              class="MuiInputBase-input MuiFilledInput-input css-voecp4-MuiInputBase-input-MuiFilledInput-input"
              id=":r7:"
              type="number"
              value=""
            />
          </div>
        </div>
        <button
          class="MuiButtonBase-root MuiButton-root MuiButton-text MuiButton-textPrimary MuiButton-sizeMedium MuiButton-textSizeMedium MuiButton-colorPrimary MuiButton-root MuiButton-text MuiButton-textPrimary MuiButton-sizeMedium MuiButton-textSizeMedium MuiButton-colorPrimary css-1vm0eet-MuiButtonBase-root-MuiButton-root"
          tabindex="0"
          type="submit"
        >
          Save locally
        </button>
      </div>
      <div
        class="MuiCollapse-root MuiCollapse-vertical MuiCollapse-entered css-qr6njo-MuiCollapse-root"
        style="min-height: 0px;"
      >
        <div
          class="MuiCollapse-wrapper MuiCollapse-vertical css-1x6hinx-MuiCollapse-wrapper"
        >
          <div
            class="MuiCollapse-wrapperInner MuiCollapse-vertical css-1i4ywhz-MuiCollapse-wrapperInner"
          >
            <div
              class="MuiPaper-root MuiPaper-elevation MuiPaper-rounded MuiPaper-elevation0 MuiAlert-root MuiAlert-colorSuccess MuiAlert-standardSuccess MuiAlert-standard css-s1vfyc-MuiPaper-root-MuiAlert-root"
              role="alert"
              style="--Paper-shadow: none;"
            >
              <div
                class="MuiAlert-icon css-vab54s-MuiAlert-icon"
              >
                <svg
                  aria-hidden="true"
                  class="MuiSvgIcon-root MuiSvgIcon-fontSizeInherit css-1ckov0h-MuiSvgIcon-root"
                  data-testid="CheckIcon"
                  focusable="false"
                  viewBox="0 0 24 24"
                >
                  <path
                    d="M9 16.17 4.83 12l-1.42 1.41L9 19 21 7l-1.41-1.41z"
                  />
                </svg>
              </div>
              <div
                class="MuiAlert-message css-zioonp-MuiAlert-message"
              >
                 Save Success
              </div>
              <div
                class="MuiAlert-action css-rgppqo-MuiAlert-action"
              >
                <button
                  aria-label="close"
                  class="MuiButtonBase-root MuiIconButton-root MuiIconButton-colorInherit MuiIconButton-sizeSmall css-4ns38t-MuiButtonBase-root-MuiIconButton-root"
                  tabindex="0"
                  type="button"
                >
                  <svg
                    aria-hidden="true"
                    class="MuiSvgIcon-root MuiSvgIcon-fontSizeInherit css-1ckov0h-MuiSvgIcon-root"
                    data-testid="CloseIcon"
                    focusable="false"
                    viewBox="0 0 24 24"
                  >
                    <path
                      d="M19 6.41 17.59 5 12 10.59 6.41 5 5 6.41 10.59 12 5 17.59 6.41 19 12 13.41 17.59 19 19 17.59 13.41 12z"
                    />
                  </svg>
                </button>
              </div>
            </div>
          </div>
        </div>
      </div>
    </div>
  </body>,
  "container": <div>
    <h4
      class="MuiTypography-root MuiTypography-h4 css-f84ov1-MuiTypography-root"
    >
      High Yield Savings Account Calculator
    </h4>
    <h6
      class="MuiTypography-root MuiTypography-h6 css-1miy0lu-MuiTypography-root"
    >
      <p>
        This is a calculator to show you which banks in Singapore have the best interest rates.
        <br />
        Key in your information below and view the interest you will get every year.
      </p>
    </h6>
    <div
      class="MuiFormControl-root css-7549ua-MuiFormControl-root"
    >
      <div
        class="MuiFormControl-root MuiTextField-root css-35b0no-MuiFormControl-root-MuiTextField-root"
      >
        <label
          class="MuiFormLabel-root MuiInputLabel-root MuiInputLabel-formControl MuiInputLabel-animated MuiInputLabel-shrink MuiInputLabel-sizeMedium MuiInputLabel-filled MuiFormLabel-colorPrimary MuiInputLabel-root MuiInputLabel-formControl MuiInputLabel-animated MuiInputLabel-shrink MuiInputLabel-sizeMedium MuiInputLabel-filled css-eok8s2-MuiFormLabel-root-MuiInputLabel-root"
          data-shrink="true"
          for=":r0:"
          id=":r0:-label"
        >
          Savings (To be transferred to bank)
        </label>
        <div
          class="MuiInputBase-root MuiFilledInput-root MuiFilledInput-underline MuiInputBase-colorPrimary MuiInputBase-formControl css-1pht7va-MuiInputBase-root-MuiFilledInput-root"
        >
          <input
            aria-invalid="false"
            class="MuiInputBase-input MuiFilledInput-input css-voecp4-MuiInputBase-input-MuiFilledInput-input"
            id=":r0:"
            type="number"
            value=""
          />
        </div>
      </div>
      <div
        class="MuiFormControl-root MuiTextField-root css-35b0no-MuiFormControl-root-MuiTextField-root"
      >
        <label
          class="MuiFormLabel-root MuiInputLabel-root MuiInputLabel-formControl MuiInputLabel-animated MuiInputLabel-shrink MuiInputLabel-sizeMedium MuiInputLabel-filled MuiFormLabel-colorPrimary MuiInputLabel-root MuiInputLabel-formControl MuiInputLabel-animated MuiInputLabel-shrink MuiInputLabel-sizeMedium MuiInputLabel-filled css-eok8s2-MuiFormLabel-root-MuiInputLabel-root"
          data-shrink="true"
          for=":r1:"
          id=":r1:-label"
        >
          Age
        </label>
        <div
          class="MuiInputBase-root MuiFilledInput-root MuiFilledInput-underline MuiInputBase-colorPrimary MuiInputBase-formControl css-1pht7va-MuiInputBase-root-MuiFilledInput-root"
        >
          <input
            aria-invalid="false"
            class="MuiInputBase-input MuiFilledInput-input css-voecp4-MuiInputBase-input-MuiFilledInput-input"
            id=":r1:"
            type="number"
            value=""
          />
        </div>
      </div>
      <div
        class="MuiFormControl-root MuiTextField-root css-35b0no-MuiFormControl-root-MuiTextField-root"
      >
        <label
          class="MuiFormLabel-root MuiInputLabel-root MuiInputLabel-formControl MuiInputLabel-animated MuiInputLabel-shrink MuiInputLabel-sizeMedium MuiInputLabel-filled MuiFormLabel-colorPrimary MuiInputLabel-root MuiInputLabel-formControl MuiInputLabel-animated MuiInputLabel-shrink MuiInputLabel-sizeMedium MuiInputLabel-filled css-eok8s2-MuiFormLabel-root-MuiInputLabel-root"
          data-shrink="true"
          for=":r2:"
          id=":r2:-label"
        >
          Salary (Must be credited to bank)
        </label>
        <div
          class="MuiInputBase-root MuiFilledInput-root MuiFilledInput-underline MuiInputBase-colorPrimary MuiInputBase-formControl css-1pht7va-MuiInputBase-root-MuiFilledInput-root"
        >
          <input
            aria-invalid="false"
            class="MuiInputBase-input MuiFilledInput-input css-voecp4-MuiInputBase-input-MuiFilledInput-input"
            id=":r2:"
            type="number"
            value=""
          />
        </div>
      </div>
      <div
        class="MuiFormControl-root MuiTextField-root css-35b0no-MuiFormControl-root-MuiTextField-root"
      >
        <label
          class="MuiFormLabel-root MuiInputLabel-root MuiInputLabel-formControl MuiInputLabel-animated MuiInputLabel-shrink MuiInputLabel-sizeMedium MuiInputLabel-filled MuiFormLabel-colorPrimary MuiInputLabel-root MuiInputLabel-formControl MuiInputLabel-animated MuiInputLabel-shrink MuiInputLabel-sizeMedium MuiInputLabel-filled css-eok8s2-MuiFormLabel-root-MuiInputLabel-root"
          data-shrink="true"
          for=":r3:"
          id=":r3:-label"
        >
          Investment (Willing to spend with bank)
        </label>
        <div
          class="MuiInputBase-root MuiFilledInput-root MuiFilledInput-underline MuiInputBase-colorPrimary MuiInputBase-formControl css-1pht7va-MuiInputBase-root-MuiFilledInput-root"
        >
          <input
            aria-invalid="false"
            class="MuiInputBase-input MuiFilledInput-input css-voecp4-MuiInputBase-input-MuiFilledInput-input"
            id=":r3:"
            type="number"
            value=""
          />
        </div>
      </div>
      <div
        class="MuiFormControl-root MuiTextField-root css-35b0no-MuiFormControl-root-MuiTextField-root"
      >
        <label
          class="MuiFormLabel-root MuiInputLabel-root MuiInputLabel-formControl MuiInputLabel-animated MuiInputLabel-shrink MuiInputLabel-sizeMedium MuiInputLabel-filled MuiFormLabel-colorPrimary MuiInputLabel-root MuiInputLabel-formControl MuiInputLabel-animated MuiInputLabel-shrink MuiInputLabel-sizeMedium MuiInputLabel-filled css-eok8s2-MuiFormLabel-root-MuiInputLabel-root"
          data-shrink="true"
          for=":r4:"
          id=":r4:-label"
        >
          Insurance (Willing to spend with bank)
        </label>
        <div
          class="MuiInputBase-root MuiFilledInput-root MuiFilledInput-underline MuiInputBase-colorPrimary MuiInputBase-formControl css-1pht7va-MuiInputBase-root-MuiFilledInput-root"
        >
          <input
            aria-invalid="false"
            class="MuiInputBase-input MuiFilledInput-input css-voecp4-MuiInputBase-input-MuiFilledInput-input"
            id=":r4:"
            type="number"
            value=""
          />
        </div>
      </div>
      <div
        class="MuiFormControl-root MuiTextField-root css-35b0no-MuiFormControl-root-MuiTextField-root"
      >
        <label
          class="MuiFormLabel-root MuiInputLabel-root MuiInputLabel-formControl MuiInputLabel-animated MuiInputLabel-shrink MuiInputLabel-sizeMedium MuiInputLabel-filled MuiFormLabel-colorPrimary MuiInputLabel-root MuiInputLabel-formControl MuiInputLabel-animated MuiInputLabel-shrink MuiInputLabel-sizeMedium MuiInputLabel-filled css-eok8s2-MuiFormLabel-root-MuiInputLabel-root"
          data-shrink="true"
          for=":r5:"
          id=":r5:-label"
        >
          Spending (On eligible cards)
        </label>
        <div
          class="MuiInputBase-root MuiFilledInput-root MuiFilledInput-underline MuiInputBase-colorPrimary MuiInputBase-formControl css-1pht7va-MuiInputBase-root-MuiFilledInput-root"
        >
          <input
            aria-invalid="false"
            class="MuiInputBase-input MuiFilledInput-input css-voecp4-MuiInputBase-input-MuiFilledInput-input"
            id=":r5:"
            type="number"
            value=""
          />
        </div>
      </div>
      <div
        class="MuiFormControl-root MuiTextField-root css-35b0no-MuiFormControl-root-MuiTextField-root"
      >
        <label
          class="MuiFormLabel-root MuiInputLabel-root MuiInputLabel-formControl MuiInputLabel-animated MuiInputLabel-shrink MuiInputLabel-sizeMedium MuiInputLabel-filled MuiFormLabel-colorPrimary MuiInputLabel-root MuiInputLabel-formControl MuiInputLabel-animated MuiInputLabel-shrink MuiInputLabel-sizeMedium MuiInputLabel-filled css-eok8s2-MuiFormLabel-root-MuiInputLabel-root"
          data-shrink="true"
          for=":r6:"
          id=":r6:-label"
        >
          Giro Transactions (Monthly)
        </label>
        <div
          class="MuiInputBase-root MuiFilledInput-root MuiFilledInput-underline MuiInputBase-colorPrimary MuiInputBase-formControl css-1pht7va-MuiInputBase-root-MuiFilledInput-root"
        >
          <input
            aria-invalid="false"
            class="MuiInputBase-input MuiFilledInput-input css-voecp4-MuiInputBase-input-MuiFilledInput-input"
            id=":r6:"
            type="number"
            value=""
          />
        </div>
      </div>
      <div
        class="MuiFormControl-root MuiTextField-root css-35b0no-MuiFormControl-root-MuiTextField-root"
      >
        <label
          class="MuiFormLabel-root MuiInputLabel-root MuiInputLabel-formControl MuiInputLabel-animated MuiInputLabel-shrink MuiInputLabel-sizeMedium MuiInputLabel-filled MuiFormLabel-colorPrimary MuiInputLabel-root MuiInputLabel-formControl MuiInputLabel-animated MuiInputLabel-shrink MuiInputLabel-sizeMedium MuiInputLabel-filled css-eok8s2-MuiFormLabel-root-MuiInputLabel-root"
          data-shrink="true"
          for=":r7:"
          id=":r7:-label"
        >
          Monthly Account Value Increment
        </label>
        <div
          class="MuiInputBase-root MuiFilledInput-root MuiFilledInput-underline MuiInputBase-colorPrimary MuiInputBase-formControl css-1pht7va-MuiInputBase-root-MuiFilledInput-root"
        >
          <input
            aria-invalid="false"
            class="MuiInputBase-input MuiFilledInput-input css-voecp4-MuiInputBase-input-MuiFilledInput-input"
            id=":r7:"
            type="number"
            value=""
          />
        </div>
      </div>
      <button
        class="MuiButtonBase-root MuiButton-root MuiButton-text MuiButton-textPrimary MuiButton-sizeMedium MuiButton-textSizeMedium MuiButton-colorPrimary MuiButton-root MuiButton-text MuiButton-textPrimary MuiButton-sizeMedium MuiButton-textSizeMedium MuiButton-colorPrimary css-1vm0eet-MuiButtonBase-root-MuiButton-root"
        tabindex="0"
        type="submit"
      >
        Save locally
      </button>
    </div>
    <div
      class="MuiCollapse-root MuiCollapse-vertical MuiCollapse-entered css-qr6njo-MuiCollapse-root"
      style="min-height: 0px;"
    >
      <div
        class="MuiCollapse-wrapper MuiCollapse-vertical css-1x6hinx-MuiCollapse-wrapper"
      >
        <div
          class="MuiCollapse-wrapperInner MuiCollapse-vertical css-1i4ywhz-MuiCollapse-wrapperInner"
        >
          <div
            class="MuiPaper-root MuiPaper-elevation MuiPaper-rounded MuiPaper-elevation0 MuiAlert-root MuiAlert-colorSuccess MuiAlert-standardSuccess MuiAlert-standard css-s1vfyc-MuiPaper-root-MuiAlert-root"
            role="alert"
            style="--Paper-shadow: none;"
          >
            <div
              class="MuiAlert-icon css-vab54s-MuiAlert-icon"
            >
              <svg
                aria-hidden="true"
                class="MuiSvgIcon-root MuiSvgIcon-fontSizeInherit css-1ckov0h-MuiSvgIcon-root"
                data-testid="CheckIcon"
                focusable="false"
                viewBox="0 0 24 24"
              >
                <path
                  d="M9 16.17 4.83 12l-1.42 1.41L9 19 21 7l-1.41-1.41z"
                />
              </svg>
            </div>
            <div
              class="MuiAlert-message css-zioonp-MuiAlert-message"
            >
               Save Success
            </div>
            <div
              class="MuiAlert-action css-rgppqo-MuiAlert-action"
            >
              <button
                aria-label="close"
                class="MuiButtonBase-root MuiIconButton-root MuiIconButton-colorInherit MuiIconButton-sizeSmall css-4ns38t-MuiButtonBase-root-MuiIconButton-root"
                tabindex="0"
                type="button"
              >
                <svg
                  aria-hidden="true"
                  class="MuiSvgIcon-root MuiSvgIcon-fontSizeInherit css-1ckov0h-MuiSvgIcon-root"
                  data-testid="CloseIcon"
                  focusable="false"
                  viewBox="0 0 24 24"
                >
                  <path
                    d="M19 6.41 17.59 5 12 10.59 6.41 5 5 6.41 10.59 12 5 17.59 6.41 19 12 13.41 17.59 19 19 17.59 13.41 12z"
                  />
                </svg>
              </button>
            </div>
          </div>
        </div>
      </div>
    </div>
  </div>,
  "debug": [Function],
  "findAllByAltText": [Function],
  "findAllByDisplayValue": [Function],
  "findAllByLabelText": [Function],
  "findAllByPlaceholderText": [Function],
  "findAllByRole": [Function],
  "findAllByTestId": [Function],
  "findAllByText": [Function],
  "findAllByTitle": [Function],
  "findByAltText": [Function],
  "findByDisplayValue": [Function],
  "findByLabelText": [Function],
  "findByPlaceholderText": [Function],
  "findByRole": [Function],
  "findByTestId": [Function],
  "findByText": [Function],
  "findByTitle": [Function],
  "getAllByAltText": [Function],
  "getAllByDisplayValue": [Function],
  "getAllByLabelText": [Function],
  "getAllByPlaceholderText": [Function],
  "getAllByRole": [Function],
  "getAllByTestId": [Function],
  "getAllByText": [Function],
  "getAllByTitle": [Function],
  "getByAltText": [Function],
  "getByDisplayValue": [Function],
  "getByLabelText": [Function],
  "getByPlaceholderText": [Function],
  "getByRole": [Function],
  "getByTestId": [Function],
  "getByText": [Function],
  "getByTitle": [Function],
  "queryAllByAltText": [Function],
  "queryAllByDisplayValue": [Function],
  "queryAllByLabelText": [Function],
  "queryAllByPlaceholderText": [Function],
  "queryAllByRole": [Function],
  "queryAllByTestId": [Function],
  "queryAllByText": [Function],
  "queryAllByTitle": [Function],
  "queryByAltText": [Function],
  "queryByDisplayValue": [Function],
  "queryByLabelText": [Function],
  "queryByPlaceholderText": [Function],
  "queryByRole": [Function],
  "queryByTestId": [Function],
  "queryByText": [Function],
  "queryByTitle": [Function],
  "rerender": [Function],
  "unmount": [Function],
}
`;
